(node:25696) [DEP0190] DeprecationWarning: Passing args to a child process with shell option true can lead to security vulnerabilities, as the arguments are not escaped, only concatenated.
(Use `node --trace-deprecation ...` to show where the warning was created)
[31m[Nest] 25184  - [39m2026/09/25, 12:33:20 [31m  ERROR[39m [38;5;3m[NestApplication] [39m[31mError: listen EADDRINUSE: address already in use :::3000[39m[38;5;3m +3ms[39m
node:net:2324
    const ex = new UVExceptionWithHostPort(err, 'listen', address, port);
               ^

Error: listen EADDRINUSE: address already in use :::3000
    at Server.setupListenHandle [as _listen2] (node:net:2324:16)
    at listenInCluster (node:net:2433:12)
    at Server.listen (node:net:2558:7)
    at ExpressAdapter.listen (C:\Users\leope\Downloads\price-compare-api\price-compare-api\node_modules\@nestjs\platform-express\adapters\express-adapter.js:95:32)
    at C:\Users\leope\Downloads\price-compare-api\price-compare-api\node_modules\@nestjs\core\nest-application.js:183:30
    at new Promise (<anonymous>)
    at NestApplication.listen (C:\Users\leope\Downloads\price-compare-api\price-compare-api\node_modules\@nestjs\core\nest-application.js:173:16)
    at async bootstrap (C:\Users\leope\Downloads\price-compare-api\price-compare-api\src\main.ts:9:3) {
  code: 'EADDRINUSE',
  errno: -4091,
  syscall: 'listen',
  address: '::',
  port: 3000
}

Node.js v24.20.0
