
> price-compare-api@0.1.0 start
> nest start

[32m[Nest] 12856  - [39m2026/09/25, 12:34:20 [32m    LOG[39m [38;5;3m[NestFactory] [39m[32mStarting Nest application...[39m
[32m[Nest] 12856  - [39m2026/09/25, 12:34:20 [32m    LOG[39m [38;5;3m[InstanceLoader] [39m[32mAppModule dependencies initialized[39m[38;5;3m +17ms[39m
[32m[Nest] 12856  - [39m2026/09/25, 12:34:20 [32m    LOG[39m [38;5;3m[InstanceLoader] [39m[32mTypeOrmModule dependencies initialized[39m[38;5;3m +0ms[39m
[32m[Nest] 12856  - [39m2026/09/25, 12:34:20 [32m    LOG[39m [38;5;3m[InstanceLoader] [39m[32mConfigHostModule dependencies initialized[39m[38;5;3m +1ms[39m
[32m[Nest] 12856  - [39m2026/09/25, 12:34:20 [32m    LOG[39m [38;5;3m[InstanceLoader] [39m[32mScrapersModule dependencies initialized[39m[38;5;3m +1ms[39m
[32m[Nest] 12856  - [39m2026/09/25, 12:34:20 [32m    LOG[39m [38;5;3m[InstanceLoader] [39m[32mDiscoveryModule dependencies initialized[39m[38;5;3m +0ms[39m
[32m[Nest] 12856  - [39m2026/09/25, 12:34:20 [32m    LOG[39m [38;5;3m[InstanceLoader] [39m[32mConfigModule dependencies initialized[39m[38;5;3m +0ms[39m
[32m[Nest] 12856  - [39m2026/09/25, 12:34:20 [32m    LOG[39m [38;5;3m[InstanceLoader] [39m[32mScheduleModule dependencies initialized[39m[38;5;3m +1ms[39m
[32m[Nest] 12856  - [39m2026/09/25, 12:34:20 [32m    LOG[39m [38;5;3m[InstanceLoader] [39m[32mTypeOrmCoreModule dependencies initialized[39m[38;5;3m +23ms[39m
[32m[Nest] 12856  - [39m2026/09/25, 12:34:20 [32m    LOG[39m [38;5;3m[InstanceLoader] [39m[32mTypeOrmModule dependencies initialized[39m[38;5;3m +1ms[39m
[32m[Nest] 12856  - [39m2026/09/25, 12:34:20 [32m    LOG[39m [38;5;3m[InstanceLoader] [39m[32mIngestionModule dependencies initialized[39m[38;5;3m +1ms[39m
[32m[Nest] 12856  - [39m2026/09/25, 12:34:20 [32m    LOG[39m [38;5;3m[InstanceLoader] [39m[32mProductsModule dependencies initialized[39m[38;5;3m +0ms[39m
[32m[Nest] 12856  - [39m2026/09/25, 12:34:20 [32m    LOG[39m [38;5;3m[RoutesResolver] [39m[32mProductsController {/products}:[39m[38;5;3m +20ms[39m
[32m[Nest] 12856  - [39m2026/09/25, 12:34:20 [32m    LOG[39m [38;5;3m[RouterExplorer] [39m[32mMapped {/products/search, GET} route[39m[38;5;3m +2ms[39m
[32m[Nest] 12856  - [39m2026/09/25, 12:34:20 [32m    LOG[39m [38;5;3m[RoutesResolver] [39m[32mIngestionController {/ingestion}:[39m[38;5;3m +0ms[39m
[32m[Nest] 12856  - [39m2026/09/25, 12:34:20 [32m    LOG[39m [38;5;3m[RouterExplorer] [39m[32mMapped {/ingestion/run, POST} route[39m[38;5;3m +1ms[39m
[32m[Nest] 12856  - [39m2026/09/25, 12:34:20 [32m    LOG[39m [38;5;3m[NestApplication] [39m[32mNest application successfully started[39m[38;5;3m +6ms[39m
price-compare-api running on http://localhost:3001
